Thread 1 "mame64" hit Breakpoint 1, emulator_info::get_appname () at ../../../../../src/mame/mame.cpp:19
19	const char * emulator_info::get_appname() { return APPNAME;}
(gdb) step
0x00000000004ea847 in sdl_window_info::window_init() ()
(gdb) step
Single stepping until exit from function _ZN15sdl_window_info11window_initEv,
which has no line number information.
0x00000000004e553a in sdl_osd_interface::video_init() ()
(gdb) step
Single stepping until exit from function _ZN17sdl_osd_interface10video_initEv,
which has no line number information.
0x00000000004f2fbd in osd_common_t::init_subsystems() ()
(gdb) step
Single stepping until exit from function _ZN12osd_common_t15init_subsystemsEv,
which has no line number information.
[New Thread 0x7fffdc6bf640 (LWP 4324)]
[New Thread 0x7fffa7fff640 (LWP 4325)]
0x00000000004e18a8 in sdl_osd_interface::init(running_machine&) ()
(gdb) step
Single stepping until exit from function _ZN17sdl_osd_interface4initER15running_machine,
which has no line number information.
0x000000000242b09c in running_machine::start() ()
(gdb) step
Single stepping until exit from function _ZN15running_machine5startEv,
which has no line number information.
[New Thread 0x7fffa65a1640 (LWP 4336)]
[Thread 0x7fffa65a1640 (LWP 4336) exited]
0x00000000004a61c1 in running_machine::start() [clone .cold] ()
(gdb) step
Single stepping until exit from function _ZN15running_machine5startEv.cold,
which has no line number information.
0x00000000005d0b80 in mame_machine_manager::update_machine() ()
(gdb) step
Single stepping until exit from function _ZN20mame_machine_manager14update_machineEv,
which has no line number information.
0x00000000006bee80 in lua_engine::attach_notifiers() ()
(gdb) step
Single stepping until exit from function _ZN10lua_engine16attach_notifiersEv,
which has no line number information.
0x000000000242cb20 in running_machine::run(bool) ()
(gdb) step
Single stepping until exit from function _ZN15running_machine3runEb,
which has no line number information.

Thread 1 "mame64" hit Breakpoint 1, emulator_info::get_appname () at ../../../../../src/mame/mame.cpp:19
19	const char * emulator_info::get_appname() { return APPNAME;}
(gdb) step
0x00000000005f2aa1 in ui::menu_select_game::make_topbox_text(std::__cxx11::basic_string<char, std::char_traits<char>, std::allocator<char> >&, std::__cxx11::basic_string<char, std::char_traits<char>, std::allocator<char> >&, std::__cxx11::basic_string<char, std::char_traits<char>, std::allocator<char> >&) const ()
(gdb) step
Single stepping until exit from function _ZNK2ui16menu_select_game16make_topbox_textERNSt7__cxx1112basic_stringIcSt11char_traitsIcESaIcEEES7_S7_,
which has no line number information.
0x000000000060d29c in ui::menu_select_launch::custom_render(void*, float, float, float, float, float, float) ()
(gdb) step
Single stepping until exit from function _ZN2ui18menu_select_launch13custom_renderEPvffffff,
which has no line number information.
0x000000000061242f in ui::menu_select_launch::draw(unsigned int) ()
(gdb) step
Single stepping until exit from function _ZN2ui18menu_select_launch4drawEj,
which has no line number information.
0x0000000000a0b747 in ui::menu::process(unsigned int, float, float) ()
(gdb) step
Single stepping until exit from function _ZN2ui4menu7processEjff,
which has no line number information.
0x00000000005f49f5 in ui::menu_select_game::handle() ()
(gdb) step
Single stepping until exit from function _ZN2ui16menu_select_game6handleEv,
which has no line number information.
0x0000000000603b50 in ui::menu_select_launch::draw_error_text() ()
(gdb) step
Single stepping until exit from function _ZN2ui18menu_select_launch15draw_error_textEv,
which has no line number information.
0x0000000000a0dec5 in ui::menu::ui_handler(render_container&, mame_ui_manager&) ()
(gdb) step
Single stepping until exit from function _ZN2ui4menu10ui_handlerER16render_containerR15mame_ui_manager,
which has no line number information.
0x0000000000634fd9 in mame_ui_manager::update_and_render(render_container&) ()
(gdb) step
Single stepping until exit from function _ZN15mame_ui_manager17update_and_renderER16render_container,
which has no line number information.
0x00000000024dbb5f in video_manager::frame_update(bool) ()
(gdb) step
Single stepping until exit from function _ZN13video_manager12frame_updateEb,
which has no line number information.
0x000000000242cc31 in running_machine::run(bool) ()
(gdb) step
Single stepping until exit from function _ZN15running_machine3runEb,
which has no line number information.

Thread 1 "mame64" hit Breakpoint 1, emulator_info::get_appname () at ../../../../../src/mame/mame.cpp:19
19	const char * emulator_info::get_appname() { return APPNAME;}
(gdb) step
0x00000000005f2aa1 in ui::menu_select_game::make_topbox_text(std::__cxx11::basic_string<char, std::char_traits<char>, std::allocator<char> >&, std::__cxx11::basic_string<char, std::char_traits<char>, std::allocator<char> >&, std::__cxx11::basic_string<char, std::char_traits<char>, std::allocator<char> >&) const ()
(gdb) step
Single stepping until exit from function _ZNK2ui16menu_select_game16make_topbox_textERNSt7__cxx1112basic_stringIcSt11char_traitsIcESaIcEEES7_S7_,
which has no line number information.
0x000000000060d29c in ui::menu_select_launch::custom_render(void*, float, float, float, float, float, float) ()
(gdb) step
Single stepping until exit from function _ZN2ui18menu_select_launch13custom_renderEPvffffff,
which has no line number information.
s0x000000000061242f in ui::menu_select_launch::draw(unsigned int) ()
(gdb) step
Single stepping until exit from function _ZN2ui18menu_select_launch4drawEj,
which has no line number information.
0x0000000000a0b747 in ui::menu::process(unsigned int, float, float) ()
(gdb) step
Single stepping until exit from function _ZN2ui4menu7processEjff,
which has no line number information.
0x00000000005f49f5 in ui::menu_select_game::handle() ()
(gdb) step
Single stepping until exit from function _ZN2ui16menu_select_game6handleEv,
which has no line number information.
0x0000000000603b50 in ui::menu_select_launch::draw_error_text() ()
(gdb) step
Single stepping until exit from function _ZN2ui18menu_select_launch15draw_error_textEv,
which has no line number information.
0x0000000000a0dec5 in ui::menu::ui_handler(render_container&, mame_ui_manager&) ()
(gdb) step
Single stepping until exit from function _ZN2ui4menu10ui_handlerER16render_containerR15mame_ui_manager,
which has no line number information.
0x0000000000634fd9 in mame_ui_manager::update_and_render(render_container&) ()
(gdb) step
Single stepping until exit from function _ZN15mame_ui_manager17update_and_renderER16render_container,
which has no line number information.
0x00000000024dbb5f in video_manager::frame_update(bool) ()
(gdb) step
Single stepping until exit from function _ZN13video_manager12frame_updateEb,
which has no line number information.
0x000000000242cc31 in running_machine::run(bool) ()
